app/api/cron/deals/route.ts(65,43): error TS2339: Property 'price' does not exist on type 'SelectQueryError<"column 'product_name' does not exist on 'listings'.">'.
app/api/cron/deals/route.ts(66,40): error TS2339: Property 'id' does not exist on type 'SelectQueryError<"column 'product_name' does not exist on 'listings'.">'.
app/api/cron/deals/route.ts(74,33): error TS2339: Property 'store_name' does not exist on type 'SelectQueryError<"column 'product_name' does not exist on 'listings'.">'.
app/api/cron/deals/route.ts(76,39): error TS2339: Property 'id' does not exist on type 'SelectQueryError<"column 'product_name' does not exist on 'listings'.">'.
app/api/cron/deals/route.ts(79,29): error TS2339: Property 'id' does not exist on type 'SelectQueryError<"column 'product_name' does not exist on 'listings'.">'.
app/api/cron/deals/route.ts(80,29): error TS2339: Property 'product_id' does not exist on type 'SelectQueryError<"column 'product_name' does not exist on 'listings'.">'.
app/api/cron/deals/route.ts(81,31): error TS2339: Property 'product_name' does not exist on type 'SelectQueryError<"column 'product_name' does not exist on 'listings'.">'.
app/api/cron/deals/route.ts(82,28): error TS2339: Property 'image_url' does not exist on type 'SelectQueryError<"column 'product_name' does not exist on 'listings'.">'.
app/api/cron/deals/route.ts(83,27): error TS2339: Property 'product_category' does not exist on type 'SelectQueryError<"column 'product_name' does not exist on 'listings'.">'.
app/api/cron/deals/route.ts(84,25): error TS2339: Property 'weight_label' does not exist on type 'SelectQueryError<"column 'product_name' does not exist on 'listings'.">'.
app/api/cron/deals/route.ts(91,31): error TS2339: Property 'price_per_kg' does not exist on type 'SelectQueryError<"column 'product_name' does not exist on 'listings'.">'.
app/api/cron/deals/route.ts(91,61): error TS2339: Property 'price_per_kg' does not exist on type 'SelectQueryError<"column 'product_name' does not exist on 'listings'.">'.
app/api/cron/deals/route.ts(93,22): error TS2339: Property 'product_url' does not exist on type 'SelectQueryError<"column 'product_name' does not exist on 'listings'.">'.
app/api/cron/deals/route.ts(102,15): error TS2769: No overload matches this call.
  Overload 1 of 2, '(relation: "listings" | "products" | "stores" | "clicks" | "price_alerts" | "price_history" | "scraper_runs"): PostgrestQueryBuilder<{ PostgrestVersion: "14.1"; }, { Tables: { clicks: { Row: { converted: boolean | null; ... 7 more ...; user_id: string | null; }; Insert: { ...; }; Update: { ...; }; Relationships: [...]; }; ... 5 more ...; stores: { ...; }; }; Views: {}; Functions: {}; Enums: {}; CompositeTypes: {}; }, { ...; } | ... 5 more ... | { ...; }, "listings" | ... 5 more ... | "scraper_runs", [...] | ... 4 more ... | [...]>', gave the following error.
    Argument of type '"product_deals"' is not assignable to parameter of type '"listings" | "products" | "stores" | "clicks" | "price_alerts" | "price_history" | "scraper_runs"'.
  Overload 2 of 2, '(relation: never): PostgrestQueryBuilder<{ PostgrestVersion: "14.1"; }, { Tables: { clicks: { Row: { converted: boolean | null; created_at: string | null; id: string; ip_hash: string | null; listing_id: string | null; referrer: string | null; revenue_eur: number | null; session_id: string; user_id: string | null; }; Insert: { ...; }; Update: { ...; }; Relationships: [...]; }; ... 5 more ...; stores: { ...; }; }; Views: {}; Functions: {}; Enums: {}; CompositeTypes: {}; }, never, never, never>', gave the following error.
    Argument of type '"product_deals"' is not assignable to parameter of type 'never'.
app/api/cron/deals/route.ts(103,17): error TS2769: No overload matches this call.
  Overload 1 of 2, '(values: { converted?: boolean | null | undefined; created_at?: string | null | undefined; id?: string | undefined; ip_hash?: string | null | undefined; listing_id?: string | null | undefined; referrer?: string | ... 1 more ... | undefined; revenue_eur?: number | ... 1 more ... | undefined; session_id: string; user_id?: string | ... 1 more ... | undefined; } | ... 5 more ... | { ...; }, options?: { ...; } | undefined): PostgrestFilterBuilder<...>', gave the following error.
    Argument of type '{ listing_id: any; product_id: any; product_name: any; image_url: any; category: any; weight: any; store_slug: any; store_name: string; current_price: number; avg_price_7d: number; discount_percent: number; ... 4 more ...; last_updated: string; }[]' is not assignable to parameter of type '{ converted?: boolean | null | undefined; created_at?: string | null | undefined; id?: string | undefined; ip_hash?: string | null | undefined; listing_id?: string | null | undefined; referrer?: string | ... 1 more ... | undefined; revenue_eur?: number | ... 1 more ... | undefined; session_id: string; user_id?: stri...'.
  Overload 2 of 2, '(values: ({ converted?: boolean | null | undefined; created_at?: string | null | undefined; id?: string | undefined; ip_hash?: string | null | undefined; listing_id?: string | null | undefined; referrer?: string | ... 1 more ... | undefined; revenue_eur?: number | ... 1 more ... | undefined; session_id: string; user_id?: string | ... 1 more ... | undefined; } | ... 5 more ... | { ...; })[], options?: { ...; } | undefined): PostgrestFilterBuilder<...>', gave the following error.
    Argument of type '{ listing_id: any; product_id: any; product_name: any; image_url: any; category: any; weight: any; store_slug: any; store_name: string; current_price: number; avg_price_7d: number; discount_percent: number; ... 4 more ...; last_updated: string; }[]' is not assignable to parameter of type '({ converted?: boolean | null | undefined; created_at?: string | null | undefined; id?: string | undefined; ip_hash?: string | null | undefined; listing_id?: string | null | undefined; referrer?: string | ... 1 more ... | undefined; revenue_eur?: number | ... 1 more ... | undefined; session_id: string; user_id?: str...'.
      Type '{ listing_id: any; product_id: any; product_name: any; image_url: any; category: any; weight: any; store_slug: any; store_name: string; current_price: number; avg_price_7d: number; discount_percent: number; ... 4 more ...; last_updated: string; }' is not assignable to type '{ converted?: boolean | null | undefined; created_at?: string | null | undefined; id?: string | undefined; ip_hash?: string | null | undefined; listing_id?: string | null | undefined; referrer?: string | ... 1 more ... | undefined; revenue_eur?: number | ... 1 more ... | undefined; session_id: string; user_id?: stri...'.
        Type '{ listing_id: any; product_id: any; product_name: any; image_url: any; category: any; weight: any; store_slug: any; store_name: string; current_price: number; avg_price_7d: number; discount_percent: number; ... 4 more ...; last_updated: string; }' is missing the following properties from type '{ availability: string; compare_price?: number | null | undefined; created_at?: string | null | undefined; currency?: string | null | undefined; id?: string | undefined; image_url?: string | null | undefined; ... 9 more ...; weight_label?: string | ... 1 more ... | undefined; }': availability, price, product_url
app/api/cron/deals/route.ts(114,13): error TS2769: No overload matches this call.
  Overload 1 of 2, '(relation: "listings" | "products" | "stores" | "clicks" | "price_alerts" | "price_history" | "scraper_runs"): PostgrestQueryBuilder<{ PostgrestVersion: "14.1"; }, { Tables: { clicks: { Row: { converted: boolean | null; ... 7 more ...; user_id: string | null; }; Insert: { ...; }; Update: { ...; }; Relationships: [...]; }; ... 5 more ...; stores: { ...; }; }; Views: {}; Functions: {}; Enums: {}; CompositeTypes: {}; }, { ...; } | ... 5 more ... | { ...; }, "listings" | ... 5 more ... | "scraper_runs", [...] | ... 4 more ... | [...]>', gave the following error.
    Argument of type '"product_deals"' is not assignable to parameter of type '"listings" | "products" | "stores" | "clicks" | "price_alerts" | "price_history" | "scraper_runs"'.
  Overload 2 of 2, '(relation: never): PostgrestQueryBuilder<{ PostgrestVersion: "14.1"; }, { Tables: { clicks: { Row: { converted: boolean | null; created_at: string | null; id: string; ip_hash: string | null; listing_id: string | null; referrer: string | null; revenue_eur: number | null; session_id: string; user_id: string | null; }; Insert: { ...; }; Update: { ...; }; Relationships: [...]; }; ... 5 more ...; stores: { ...; }; }; Views: {}; Functions: {}; Enums: {}; CompositeTypes: {}; }, never, never, never>', gave the following error.
    Argument of type '"product_deals"' is not assignable to parameter of type 'never'.
lib/deals.ts(35,11): error TS2769: No overload matches this call.
  Overload 1 of 2, '(relation: "listings" | "products" | "stores" | "clicks" | "price_alerts" | "price_history" | "scraper_runs"): PostgrestQueryBuilder<{ PostgrestVersion: "14.1"; }, { Tables: { clicks: { Row: { converted: boolean | null; ... 7 more ...; user_id: string | null; }; Insert: { ...; }; Update: { ...; }; Relationships: [...]; }; ... 5 more ...; stores: { ...; }; }; Views: {}; Functions: {}; Enums: {}; CompositeTypes: {}; }, { ...; } | ... 5 more ... | { ...; }, "listings" | ... 5 more ... | "scraper_runs", [...] | ... 4 more ... | [...]>', gave the following error.
    Argument of type '"product_deals"' is not assignable to parameter of type '"listings" | "products" | "stores" | "clicks" | "price_alerts" | "price_history" | "scraper_runs"'.
  Overload 2 of 2, '(relation: never): PostgrestQueryBuilder<{ PostgrestVersion: "14.1"; }, { Tables: { clicks: { Row: { converted: boolean | null; created_at: string | null; id: string; ip_hash: string | null; listing_id: string | null; referrer: string | null; revenue_eur: number | null; session_id: string; user_id: string | null; }; Insert: { ...; }; Update: { ...; }; Relationships: [...]; }; ... 5 more ...; stores: { ...; }; }; Views: {}; Functions: {}; Enums: {}; CompositeTypes: {}; }, never, never, never>', gave the following error.
    Argument of type '"product_deals"' is not assignable to parameter of type 'never'.
lib/featured.ts(91,27): error TS2339: Property 'product_name' does not exist on type 'SelectQueryError<"column 'product_name' does not exist on 'listings'.">'.
lib/featured.ts(105,56): error TS2339: Property 'price' does not exist on type 'SelectQueryError<"column 'product_name' does not exist on 'listings'.">'.
lib/featured.ts(105,74): error TS2339: Property 'price' does not exist on type 'SelectQueryError<"column 'product_name' does not exist on 'listings'.">'.
lib/featured.ts(107,30): error TS2339: Property 'store_name' does not exist on type 'SelectQueryError<"column 'product_name' does not exist on 'listings'.">'.
lib/featured.ts(110,18): error TS2339: Property 'product_id' does not exist on type 'SelectQueryError<"column 'product_name' does not exist on 'listings'.">'.
lib/featured.ts(110,37): error TS2339: Property 'id' does not exist on type 'SelectQueryError<"column 'product_name' does not exist on 'listings'.">'.
lib/featured.ts(112,24): error TS2339: Property 'product_category' does not exist on type 'SelectQueryError<"column 'product_name' does not exist on 'listings'.">'.
lib/featured.ts(113,22): error TS2339: Property 'weight_label' does not exist on type 'SelectQueryError<"column 'product_name' does not exist on 'listings'.">'.
lib/featured.ts(114,24): error TS2339: Property 'image_url' does not exist on type 'SelectQueryError<"column 'product_name' does not exist on 'listings'.">'.
lib/featured.ts(115,38): error TS2339: Property 'product_category' does not exist on type 'SelectQueryError<"column 'product_name' does not exist on 'listings'.">'.
lib/featured.ts(117,28): error TS2339: Property 'store_name' does not exist on type 'SelectQueryError<"column 'product_name' does not exist on 'listings'.">'.
lib/featured.ts(122,31): error TS2339: Property 'price' does not exist on type 'SelectQueryError<"column 'product_name' does not exist on 'listings'.">'.
lib/featured.ts(124,26): error TS2339: Property 'availability' does not exist on type 'SelectQueryError<"column 'product_name' does not exist on 'listings'.">'.
lib/featured.ts(124,61): error TS2339: Property 'availability' does not exist on type 'SelectQueryError<"column 'product_name' does not exist on 'listings'.">'.
lib/featured.ts(125,22): error TS2339: Property 'product_url' does not exist on type 'SelectQueryError<"column 'product_name' does not exist on 'listings'.">'.
lib/featured.ts(128,32): error TS2339: Property 'price' does not exist on type 'SelectQueryError<"column 'product_name' does not exist on 'listings'.">'.
